2026-05-28 12:34:46,138 - INFO - fetch_expense_summary  date b/w 2024-08-01 and 2024-08-05
2026-05-28 12:36:46,432 - db_logger - INFO - fetch_expense_summary  date b/w 2024-08-01 and 2024-08-05
2026-05-28 12:51:07,372 - db_helper - INFO - fetch_expense_summary  date b/w 2024-08-01 and 2024-08-05
2026-05-28 12:52:26,104 - db_helper - INFO - fetch_expense_for_date for date 2024-08-01
2026-05-28 12:52:26,333 - db_helper - INFO - fetch_expense_summary  date b/w 2024-08-01 and 2024-08-05
2026-05-28 12:54:48,480 - db_helper - INFO - fetch_expense_for_date for date 2024-08-01
2026-05-28 12:54:48,759 - db_helper - INFO - fetch_expense_summary  date b/w 2024-08-01 and 2024-08-05
2026-05-28 12:58:37,940 - db_helper - INFO - fetch_expense_for_date for date 2024-08-01
2026-05-28 12:58:55,048 - db_helper - INFO - delete_expense_for_date for date 2024-08-28
2026-05-28 12:58:55,062 - db_helper - INFO - insert_expense for data (datetime.date(2024, 8, 28), 35.0, 'Shopping', 'Bajji mixer')
2026-05-28 16:45:36,702 - db_helper - INFO - fetch_expense_for_date for date 2024-08-01
2026-05-28 16:45:47,591 - db_helper - INFO - fetch_expense_for_date for date 2024-08-01
2026-05-28 16:52:14,519 - db_helper - INFO - fetch_expense_for_date for date 2024-08-01
2026-05-28 17:09:14,668 - db_helper - INFO - fetch_expense_for_date for date 2024-08-01
2026-05-28 17:09:49,417 - db_helper - INFO - fetch_expense_for_date for date 2024-08-01
2026-05-28 17:10:23,269 - db_helper - INFO - fetch_expense_for_date for date 2024-08-01
2026-05-28 17:14:55,490 - db_helper - INFO - fetch_expense_for_date for date 2024-08-01
2026-05-29 07:03:14,475 - db_helper - INFO - fetch_expense_for_date for date 2024-08-01
2026-05-29 07:11:32,088 - db_helper - INFO - fetch_expense_for_date for date 2024-08-01
2026-05-29 07:13:54,325 - db_helper - INFO - fetch_expense_for_date for date 2024-08-01
2026-05-29 07:17:05,361 - db_helper - INFO - fetch_expense_for_date for date 2024-08-01
2026-05-29 07:17:35,409 - db_helper - INFO - fetch_expense_for_date for date 2024-08-01
2026-05-29 07:17:42,276 - db_helper - INFO - fetch_expense_for_date for date 2024-08-01
2026-05-29 07:18:52,527 - db_helper - INFO - fetch_expense_for_date for date 2024-08-01
2026-05-29 07:30:24,940 - db_helper - INFO - fetch_expense_for_date for date 2024-08-02
2026-05-29 07:30:38,239 - db_helper - INFO - fetch_expense_for_date for date 2024-08-07
2026-05-29 07:30:45,489 - db_helper - INFO - fetch_expense_for_date for date 2024-08-01
2026-05-29 07:31:16,723 - db_helper - INFO - fetch_expense_for_date for date 2024-08-01
2026-05-29 07:31:25,125 - db_helper - INFO - fetch_expense_for_date for date 2024-08-07
2026-05-29 07:32:02,655 - db_helper - INFO - fetch_expense_for_date for date 2024-08-01
2026-05-29 07:32:15,873 - db_helper - INFO - fetch_expense_for_date for date 2024-08-02
2026-05-29 07:33:44,479 - db_helper - INFO - fetch_expense_for_date for date 2024-08-02
2026-05-29 07:33:56,659 - db_helper - INFO - fetch_expense_for_date for date 2024-08-01
2026-05-29 07:34:03,978 - db_helper - INFO - fetch_expense_for_date for date 2024-08-02
2026-05-29 07:35:32,776 - db_helper - INFO - fetch_expense_for_date for date 2024-08-02
2026-05-29 07:35:41,193 - db_helper - INFO - fetch_expense_for_date for date 2024-08-01
2026-05-29 07:35:52,762 - db_helper - INFO - fetch_expense_for_date for date 2024-08-02
2026-05-29 07:36:44,910 - db_helper - INFO - fetch_expense_for_date for date 2024-08-02
2026-05-29 07:42:32,885 - db_helper - INFO - fetch_expense_for_date for date 2024-08-02
2026-05-29 07:42:42,949 - db_helper - INFO - fetch_expense_for_date for date 2024-08-01
2026-05-29 07:42:53,433 - db_helper - INFO - fetch_expense_for_date for date 2024-08-02
2026-05-29 07:47:51,886 - db_helper - INFO - fetch_expense_for_date for date 2024-08-02
2026-05-29 07:48:23,572 - db_helper - INFO - fetch_expense_for_date for date 2024-08-02
2026-05-29 07:48:34,139 - db_helper - INFO - fetch_expense_for_date for date 2024-08-01
2026-05-29 07:48:49,105 - db_helper - INFO - fetch_expense_for_date for date 2024-08-07
2026-05-29 07:52:09,609 - db_helper - INFO - fetch_expense_for_date for date 2024-08-07
2026-05-29 07:52:56,092 - db_helper - INFO - fetch_expense_for_date for date 2024-08-01
2026-05-29 07:53:05,126 - db_helper - INFO - fetch_expense_for_date for date 2024-08-02
2026-05-29 18:33:09,802 - db_helper - INFO - fetch_expense_for_date for date 2024-08-01
2026-05-29 18:33:42,207 - db_helper - INFO - fetch_expense_for_date for date 2024-08-01
2026-05-29 18:34:02,715 - db_helper - INFO - fetch_expense_for_date for date 2024-08-07
2026-05-29 18:35:20,377 - db_helper - INFO - fetch_expense_for_date for date 2024-08-07
2026-05-29 18:35:22,449 - db_helper - INFO - delete_expense_for_date for date 2024-08-07
2026-05-29 18:36:01,081 - db_helper - INFO - fetch_expense_for_date for date 2024-08-07
2026-05-29 18:36:08,112 - db_helper - INFO - fetch_expense_for_date for date 2024-08-07
2026-05-29 18:37:31,210 - db_helper - INFO - fetch_expense_for_date for date 2024-08-01
2026-05-29 18:37:37,746 - db_helper - INFO - fetch_expense_for_date for date 2024-08-07
2026-05-29 18:38:30,597 - db_helper - INFO - fetch_expense_for_date for date 2024-08-07
2026-05-29 18:38:32,675 - db_helper - INFO - delete_expense_for_date for date 2024-08-07
2026-05-29 18:40:58,987 - db_helper - INFO - fetch_expense_for_date for date 2024-08-01
2026-05-29 18:41:07,826 - db_helper - INFO - delete_expense_for_date for date 2024-08-28
2026-05-29 18:41:07,859 - db_helper - INFO - insert_expense for data (datetime.date(2024, 8, 28), 35.0, 'Shopping', 'Bajji mixer')
2026-05-29 18:42:51,984 - db_helper - INFO - fetch_expense_for_date for date 2024-08-07
2026-05-29 18:43:25,000 - db_helper - INFO - fetch_expense_for_date for date 2024-08-07
2026-05-29 18:43:54,548 - db_helper - INFO - fetch_expense_for_date for date 2024-08-07
2026-05-29 18:43:56,692 - db_helper - INFO - delete_expense_for_date for date 2024-08-07
2026-05-29 18:45:50,687 - db_helper - INFO - fetch_expense_for_date for date 2024-08-07
2026-05-29 18:46:24,947 - db_helper - INFO - fetch_expense_for_date for date 2024-08-07
2026-05-29 18:46:27,073 - db_helper - INFO - delete_expense_for_date for date 2024-08-07
2026-05-29 18:52:19,424 - db_helper - INFO - fetch_expense_for_date for date 2024-08-07
2026-05-29 18:52:21,571 - db_helper - INFO - delete_expense_for_date for date 2024-08-07
2026-05-29 18:56:26,392 - db_helper - INFO - fetch_expense_for_date for date 2024-08-07
2026-05-29 18:56:49,365 - db_helper - INFO - fetch_expense_for_date for date 2024-08-07
2026-05-29 18:56:51,469 - db_helper - INFO - delete_expense_for_date for date 2024-08-07
2026-05-29 18:58:50,215 - db_helper - INFO - fetch_expense_for_date for date 2024-08-01
2026-05-29 18:59:18,996 - db_helper - INFO - fetch_expense_for_date for date 2024-08-02
2026-05-29 18:59:21,483 - db_helper - INFO - fetch_expense_for_date for date 2024-08-07
2026-05-29 19:01:44,267 - db_helper - INFO - fetch_expense_for_date for date 2024-08-01
2026-05-29 19:01:50,036 - db_helper - INFO - fetch_expense_for_date for date 2024-08-07
2026-05-29 19:02:41,181 - db_helper - INFO - fetch_expense_for_date for date 2024-08-01
2026-05-29 19:02:46,239 - db_helper - INFO - fetch_expense_for_date for date 2024-08-07
2026-05-29 19:04:11,721 - db_helper - INFO - fetch_expense_for_date for date 2024-08-07
2026-05-29 19:04:13,841 - db_helper - INFO - delete_expense_for_date for date 2024-08-07
2026-05-29 19:08:53,953 - db_helper - INFO - fetch_expense_for_date for date 2024-08-01
2026-05-29 19:09:30,760 - db_helper - INFO - fetch_expense_for_date for date 2024-08-07
2026-05-29 19:12:45,544 - db_helper - INFO - fetch_expense_for_date for date 2024-08-01
2026-05-29 19:13:39,338 - db_helper - INFO - fetch_expense_for_date for date 2024-08-01
2026-05-29 19:14:32,258 - db_helper - INFO - fetch_expense_for_date for date 2024-08-01
2026-05-29 19:14:39,290 - db_helper - INFO - fetch_expense_for_date for date 2024-08-07
2026-05-29 19:15:02,209 - db_helper - INFO - fetch_expense_for_date for date 2024-08-07
2026-05-29 19:15:04,298 - db_helper - INFO - delete_expense_for_date for date 2024-08-07
2026-05-29 19:17:13,192 - db_helper - INFO - fetch_expense_for_date for date 2024-08-01
2026-05-29 19:17:19,932 - db_helper - INFO - fetch_expense_for_date for date 2024-08-07
2026-05-29 19:17:48,196 - db_helper - INFO - delete_expense_for_date for date 2024-08-07
2026-05-29 19:17:48,227 - db_helper - INFO - insert_expense for data (datetime.date(2024, 8, 7), 300.0, 'Food', 'Samosa')
2026-05-29 19:17:48,245 - db_helper - INFO - insert_expense for data (datetime.date(2024, 8, 7), 400.0, 'Shopping', 'Shirt')
2026-05-29 19:23:00,719 - db_helper - INFO - fetch_expense_for_date for date 2024-08-01
2026-05-29 19:23:07,889 - db_helper - INFO - fetch_expense_for_date for date 2024-08-02
2026-05-29 19:23:13,631 - db_helper - INFO - fetch_expense_for_date for date 2024-08-03
2026-05-29 19:23:19,583 - db_helper - INFO - fetch_expense_for_date for date 2024-08-04
2026-05-29 19:23:27,481 - db_helper - INFO - fetch_expense_for_date for date 2024-08-07
2026-05-29 19:23:32,303 - db_helper - INFO - fetch_expense_for_date for date 2024-08-08
2026-05-29 19:26:12,805 - db_helper - INFO - fetch_expense_for_date for date 2024-08-01
2026-05-29 19:26:22,108 - db_helper - INFO - fetch_expense_for_date for date 2024-08-07
2026-05-29 19:26:27,891 - db_helper - INFO - fetch_expense_for_date for date 2024-08-08
2026-05-29 19:26:46,062 - db_helper - INFO - fetch_expense_for_date for date 2024-08-08
2026-05-29 19:27:58,118 - db_helper - INFO - fetch_expense_for_date for date 2024-08-01
2026-05-29 19:28:03,024 - db_helper - INFO - fetch_expense_for_date for date 2024-08-08
2026-05-29 19:28:12,307 - db_helper - INFO - fetch_expense_for_date for date 2024-08-08
2026-05-29 19:28:21,606 - db_helper - INFO - fetch_expense_for_date for date 2024-08-01
2026-05-29 19:28:25,326 - db_helper - INFO - fetch_expense_for_date for date 2024-08-01
2026-05-29 19:30:02,035 - db_helper - INFO - fetch_expense_for_date for date 2024-08-01
2026-05-29 19:30:09,488 - db_helper - INFO - fetch_expense_for_date for date 2024-08-08
2026-05-29 19:30:18,742 - db_helper - INFO - fetch_expense_for_date for date 2024-08-08
2026-05-29 19:30:35,381 - db_helper - INFO - fetch_expense_for_date for date 2024-08-01
2026-05-29 19:30:41,263 - db_helper - INFO - fetch_expense_for_date for date 2024-08-01
2026-05-29 19:31:53,497 - db_helper - INFO - fetch_expense_for_date for date 2024-08-01
2026-05-29 19:32:01,446 - db_helper - INFO - fetch_expense_for_date for date 2024-08-08
2026-05-29 19:32:10,195 - db_helper - INFO - fetch_expense_for_date for date 2024-08-08
2026-05-29 19:38:09,766 - db_helper - INFO - fetch_expense_for_date for date 2024-08-01
2026-05-29 19:38:19,935 - db_helper - INFO - fetch_expense_for_date for date 2024-08-02
2026-05-29 19:38:27,818 - db_helper - INFO - fetch_expense_for_date for date 2024-08-03
2026-05-29 19:38:38,738 - db_helper - INFO - fetch_expense_for_date for date 2024-08-08
2026-05-29 19:38:40,718 - db_helper - INFO - fetch_expense_for_date for date 2024-08-07
2026-05-29 19:38:47,530 - db_helper - INFO - fetch_expense_for_date for date 2024-08-08
2026-05-29 19:39:04,878 - db_helper - INFO - fetch_expense_for_date for date 2024-08-08
2026-05-29 19:40:26,468 - db_helper - INFO - fetch_expense_for_date for date 2024-08-01
2026-05-29 19:41:03,150 - db_helper - INFO - fetch_expense_for_date for date 2024-08-01
2026-05-29 19:41:10,581 - db_helper - INFO - fetch_expense_for_date for date 2024-08-02
2026-05-29 19:41:25,123 - db_helper - INFO - fetch_expense_for_date for date 2024-08-03
2026-05-29 19:42:15,806 - db_helper - INFO - fetch_expense_for_date for date 2024-08-01
2026-05-29 19:42:22,067 - db_helper - INFO - fetch_expense_for_date for date 2024-08-02
2026-05-29 19:42:48,472 - db_helper - INFO - fetch_expense_for_date for date 2024-08-01
2026-05-29 19:42:54,938 - db_helper - INFO - fetch_expense_for_date for date 2024-08-02
2026-05-29 19:43:01,266 - db_helper - INFO - fetch_expense_for_date for date 2024-08-07
2026-05-29 19:44:48,174 - db_helper - INFO - fetch_expense_for_date for date 2024-08-01
2026-05-29 19:44:52,301 - db_helper - INFO - fetch_expense_for_date for date 2024-08-02
2026-05-29 19:44:59,998 - db_helper - INFO - fetch_expense_for_date for date 2024-08-03
2026-05-29 19:45:05,068 - db_helper - INFO - fetch_expense_for_date for date 2024-08-04
2026-05-29 19:47:44,378 - db_helper - INFO - fetch_expense_for_date for date 2024-08-01
2026-05-29 19:48:01,305 - db_helper - INFO - fetch_expense_for_date for date 2024-08-01
2026-05-29 19:48:08,495 - db_helper - INFO - fetch_expense_for_date for date 2024-08-08
2026-05-29 19:48:56,570 - db_helper - INFO - fetch_expense_for_date for date 2024-08-08
2026-05-29 19:49:38,157 - db_helper - INFO - fetch_expense_for_date for date 2024-08-01
2026-05-29 19:49:44,830 - db_helper - INFO - fetch_expense_for_date for date 2024-08-08
2026-05-29 19:50:11,962 - db_helper - INFO - fetch_expense_for_date for date 2024-08-08
2026-05-29 19:50:14,074 - db_helper - INFO - delete_expense_for_date for date 2024-08-08
2026-05-29 19:50:14,084 - db_helper - INFO - insert_expense for data (datetime.date(2024, 8, 8), 200.0, 'Shopping', 'S')
2026-05-29 19:50:14,095 - db_helper - INFO - insert_expense for data (datetime.date(2024, 8, 8), 250.0, 'Rent', 'B')
2026-05-29 19:50:14,106 - db_helper - INFO - insert_expense for data (datetime.date(2024, 8, 8), 30.0, 'Food', 'T')
2026-05-30 06:42:17,420 - db_helper - INFO - fetch_expense_for_date for date 2024-08-01
2026-05-30 06:42:25,071 - db_helper - INFO - fetch_expense_for_date for date 2024-08-02
2026-05-30 06:42:38,259 - db_helper - INFO - fetch_expense_for_date for date 2024-08-01
2026-05-30 06:42:48,051 - db_helper - INFO - fetch_expense_for_date for date 2024-08-02
2026-05-30 06:44:39,782 - db_helper - INFO - fetch_expense_for_date for date 2024-08-01
2026-05-30 06:44:48,432 - db_helper - INFO - fetch_expense_for_date for date 2024-08-08
2026-05-30 06:45:57,879 - db_helper - INFO - fetch_expense_for_date for date 2024-08-01
2026-05-30 06:46:06,099 - db_helper - INFO - fetch_expense_for_date for date 2024-08-08
2026-05-30 07:12:55,108 - db_helper - INFO - fetch_expense_summary  date b/w 2024-08-01 and 2024-08-05
2026-05-30 07:27:46,200 - db_helper - INFO - fetch_expense_summary  date b/w 2024-08-01 and 2024-08-05
2026-05-30 07:28:20,877 - db_helper - INFO - fetch_expense_summary  date b/w 2024-08-01 and 2024-08-05
2026-05-30 07:28:43,757 - db_helper - INFO - fetch_expense_summary  date b/w 2024-08-01 and 2024-08-05
2026-05-30 07:28:59,576 - db_helper - INFO - fetch_expense_summary  date b/w 2024-08-01 and 2024-08-05
2026-05-30 07:29:15,922 - db_helper - INFO - fetch_expense_summary  date b/w 2024-08-01 and 2024-08-05
2026-05-30 07:47:37,317 - db_helper - INFO - fetch_expense_for_date for date 2024-08-01
2026-05-30 07:47:44,671 - db_helper - INFO - fetch_expense_for_date for date 2024-08-08
2026-05-30 07:57:21,062 - db_helper - INFO - fetch_expense_for_date for date 2024-08-08
2026-05-30 07:57:26,899 - db_helper - INFO - fetch_expense_for_date for date 2024-08-08
2026-05-30 07:59:07,813 - db_helper - INFO - fetch_expense_for_date for date 2024-08-08
2026-05-30 07:59:11,019 - db_helper - INFO - fetch_expense_for_date for date 2024-08-08
2026-05-30 07:59:13,098 - db_helper - INFO - fetch_expense_summary  date b/w 2024-08-01 and 2024-08-05
2026-05-30 08:09:18,246 - db_helper - INFO - fetch_expense_for_date for date 2024-08-08
2026-05-30 08:09:21,755 - db_helper - INFO - fetch_expense_for_date for date 2024-08-08
2026-05-30 08:09:23,828 - db_helper - INFO - fetch_expense_summary  date b/w 2024-08-01 and 2024-08-05
2026-05-30 08:09:46,308 - db_helper - INFO - fetch_expense_for_date for date 2024-08-01
2026-05-30 08:09:52,310 - db_helper - INFO - fetch_expense_for_date for date 2024-08-01
2026-05-30 08:09:54,380 - db_helper - INFO - fetch_expense_summary  date b/w 2024-08-01 and 2024-08-05
2026-05-30 08:10:09,659 - db_helper - INFO - fetch_expense_for_date for date 2024-08-01
2026-05-30 08:10:12,939 - db_helper - INFO - fetch_expense_for_date for date 2024-08-01
2026-05-30 08:10:15,026 - db_helper - INFO - fetch_expense_summary  date b/w 2024-08-01 and 2024-08-05
2026-05-30 08:16:15,330 - db_helper - INFO - fetch_expense_for_date for date 2024-08-01
2026-05-30 08:16:18,997 - db_helper - INFO - fetch_expense_for_date for date 2024-08-01
2026-05-30 08:16:21,060 - db_helper - INFO - fetch_expense_summary  date b/w 2024-08-01 and 2024-08-05
2026-05-30 08:18:22,666 - db_helper - INFO - fetch_expense_for_date for date 2024-08-01
2026-05-30 08:18:27,149 - db_helper - INFO - fetch_expense_for_date for date 2024-08-01
2026-05-30 08:18:29,196 - db_helper - INFO - fetch_expense_summary  date b/w 2024-08-01 and 2024-08-05
2026-05-30 08:21:48,384 - db_helper - INFO - fetch_expense_for_date for date 2024-08-01
2026-05-30 08:21:52,185 - db_helper - INFO - fetch_expense_for_date for date 2024-08-01
2026-05-30 08:21:54,251 - db_helper - INFO - fetch_expense_summary  date b/w 2024-08-01 and 2024-08-05
2026-05-30 08:22:42,200 - db_helper - INFO - fetch_expense_for_date for date 2024-08-01
2026-05-30 08:22:45,868 - db_helper - INFO - fetch_expense_for_date for date 2024-08-01
2026-05-30 08:22:47,938 - db_helper - INFO - fetch_expense_summary  date b/w 2024-08-01 and 2024-08-05
2026-05-30 08:25:03,804 - db_helper - INFO - fetch_expense_for_date for date 2024-08-01
2026-05-30 08:25:07,505 - db_helper - INFO - fetch_expense_for_date for date 2024-08-01
2026-05-30 08:25:09,570 - db_helper - INFO - fetch_expense_summary  date b/w 2024-08-01 and 2024-08-08
2026-05-30 09:48:09,042 - db_helper - INFO - fetch_expense_for_date for date 2024-08-01
2026-05-30 09:50:07,691 - db_helper - INFO - fetch_expense_for_date for date 2024-08-01
2026-05-30 09:50:22,994 - db_helper - INFO - fetch_expense_for_date for date 2024-10-07
2026-05-30 09:51:04,490 - db_helper - INFO - fetch_expense_for_date for date 2024-10-07
2026-05-30 09:51:06,559 - db_helper - INFO - delete_expense_for_date for date 2024-10-07
2026-05-30 09:51:06,591 - db_helper - INFO - insert_expense for data (datetime.date(2024, 10, 7), 300.0, 'Shopping', 'Bangles for wife')
2026-05-30 09:51:06,602 - db_helper - INFO - insert_expense for data (datetime.date(2024, 10, 7), 500.0, 'Food', 'Biryani')
2026-05-30 09:51:16,874 - db_helper - INFO - fetch_expense_for_date for date 2024-11-07
2026-05-30 09:51:54,524 - db_helper - INFO - fetch_expense_for_date for date 2024-11-07
2026-05-30 09:51:56,593 - db_helper - INFO - delete_expense_for_date for date 2024-11-07
2026-05-30 09:51:56,608 - db_helper - INFO - insert_expense for data (datetime.date(2024, 11, 7), 5000.0, 'Shopping', 'dress for wife')
2026-05-30 09:51:56,644 - db_helper - INFO - insert_expense for data (datetime.date(2024, 11, 7), 1200.0, 'Food', 'B party')
2026-05-30 10:08:36,431 - db_helper - INFO - fetch_expense_for_date for date 2024-08-01
2026-05-30 10:08:36,505 - db_helper - INFO - fetch_expense_summary for all months for year 2024
2026-05-30 10:09:46,561 - db_helper - INFO - fetch_expense_for_date for date 2024-08-01
2026-05-30 10:09:46,641 - db_helper - INFO - fetch_expense_summary for all months for year 2024
2026-05-30 10:34:21,150 - db_helper - INFO - fetch_expense_for_date for date 2024-08-01
2026-05-30 10:34:21,224 - db_helper - INFO - fetch_expense_summary for all months
2026-05-30 10:34:56,240 - db_helper - INFO - fetch_expense_summary for all months
2026-05-30 10:37:18,676 - db_helper - INFO - fetch_expense_for_date for date 2024-08-01
2026-05-30 10:37:18,728 - db_helper - INFO - fetch_expense_summary for all months
2026-05-30 10:37:48,822 - db_helper - INFO - fetch_expense_for_date for date 2024-08-01
2026-05-30 10:37:48,875 - db_helper - INFO - fetch_expense_summary for all months
2026-05-30 10:41:34,451 - db_helper - INFO - fetch_expense_for_date for date 2024-11-07
2026-05-30 10:41:42,784 - db_helper - INFO - fetch_expense_for_date for date 2024-11-07
2026-05-30 10:41:44,870 - db_helper - INFO - fetch_expense_summary for all months
2026-05-30 10:45:07,670 - db_helper - INFO - fetch_expense_for_date for date 2024-11-07
2026-05-30 10:45:11,056 - db_helper - INFO - fetch_expense_for_date for date 2024-11-07
2026-05-30 10:45:13,139 - db_helper - INFO - fetch_expense_summary for all months
2026-05-30 10:51:28,229 - db_helper - INFO - fetch_expense_for_date for date 2024-11-07
2026-05-30 10:51:31,928 - db_helper - INFO - fetch_expense_for_date for date 2024-11-07
2026-05-30 10:51:33,983 - db_helper - INFO - fetch_expense_summary for all months
2026-05-30 12:14:10,432 - db_helper - INFO - fetch_expense_for_date for date 2024-08-01
2026-05-30 12:14:15,639 - db_helper - INFO - fetch_expense_for_date for date 2024-08-01
2026-05-30 12:14:17,710 - db_helper - INFO - fetch_expense_summary for all months
2026-05-30 12:15:05,590 - db_helper - INFO - fetch_expense_for_date for date 2024-08-01
2026-05-30 12:15:10,043 - db_helper - INFO - fetch_expense_for_date for date 2024-08-01
2026-05-30 12:15:12,122 - db_helper - INFO - fetch_expense_summary for all months
